I'm sorry, but errors were detected in your script. Please correct the
errors listed below, and try again.


File "game/script.rpy", line 109: expected statement.
    xalign 0.7
            ^

File "game/script.rpy", line 110: expected statement.
    yalign 0.6
            ^

File "game/script.rpy", line 112: expected statement.
    xalign 0.3
            ^

File "game/script.rpy", line 113: expected statement.
    yalign 0.6
            ^

Ren'Py Version: Ren'Py 8.1.3.23091805
Sun Oct  1 18:30:57 2023
